Fitting model for subject 43, cue 0.5
Found 76 trials for subject 43, cue 0.5
Starting model fitting...
differential_evolution step 1: f(x)= 116.519
differential_evolution step 2: f(x)= 116.519
differential_evolution step 3: f(x)= 110.74
differential_evolution step 4: f(x)= 102.342
differential_evolution step 5: f(x)= 93.4505
differential_evolution step 6: f(x)= 93.4505
differential_evolution step 7: f(x)= 92.5379
differential_evolution step 8: f(x)= 88.3114
differential_evolution step 9: f(x)= 84.1765
differential_evolution step 10: f(x)= 84.1765
differential_evolution step 11: f(x)= 84.1765
differential_evolution step 12: f(x)= 82.2204
differential_evolution step 13: f(x)= 82.2204
differential_evolution step 14: f(x)= 82.2204
differential_evolution step 15: f(x)= 81.7578
differential_evolution step 16: f(x)= 81.7578
differential_evolution step 17: f(x)= 81.7578
differential_evolution step 18: f(x)= 81.7578
differential_evolution step 19: f(x)= 81.7578
differential_evolution step 20: f(x)= 81.7578
differential_evolution step 21: f(x)= 81.7047
differential_evolution step 22: f(x)= 81.7047
differential_evolution step 23: f(x)= 81.7047
differential_evolution step 24: f(x)= 81.7047
differential_evolution step 25: f(x)= 81.7047
differential_evolution step 26: f(x)= 81.7047
differential_evolution step 27: f(x)= 81.7047
Successfully fitted model for subject 43, cue 0.5
Loss: 81.5376
