Fitting model for subject 58, cue 0.5
Found 75 trials for subject 58, cue 0.5
Starting model fitting...
differential_evolution step 1: f(x)= 213.297
differential_evolution step 2: f(x)= 213.297
differential_evolution step 3: f(x)= 213.297
differential_evolution step 4: f(x)= 213.297
differential_evolution step 5: f(x)= 207.415
differential_evolution step 6: f(x)= 203.423
differential_evolution step 7: f(x)= 203.423
differential_evolution step 8: f(x)= 200.346
differential_evolution step 9: f(x)= 199.783
differential_evolution step 10: f(x)= 198.747
differential_evolution step 11: f(x)= 198.747
differential_evolution step 12: f(x)= 198.747
differential_evolution step 13: f(x)= 198.133
differential_evolution step 14: f(x)= 198.133
differential_evolution step 15: f(x)= 198.133
differential_evolution step 16: f(x)= 198.133
differential_evolution step 17: f(x)= 198.133
differential_evolution step 18: f(x)= 198.133
Successfully fitted model for subject 58, cue 0.5
Loss: 197.9205
