Fitting model for subject 48, cue 0.5
Found 75 trials for subject 48, cue 0.5
Starting model fitting...
differential_evolution step 1: f(x)= 114.632
differential_evolution step 2: f(x)= 114.632
differential_evolution step 3: f(x)= 114.632
differential_evolution step 4: f(x)= 114.632
differential_evolution step 5: f(x)= 114.632
differential_evolution step 6: f(x)= 113.327
differential_evolution step 7: f(x)= 108.562
differential_evolution step 8: f(x)= 108.562
differential_evolution step 9: f(x)= 108.562
differential_evolution step 10: f(x)= 108.562
differential_evolution step 11: f(x)= 108.441
differential_evolution step 12: f(x)= 108.067
differential_evolution step 13: f(x)= 107.443
differential_evolution step 14: f(x)= 106.957
differential_evolution step 15: f(x)= 106.763
differential_evolution step 16: f(x)= 106.763
differential_evolution step 17: f(x)= 106.763
differential_evolution step 18: f(x)= 106.763
differential_evolution step 19: f(x)= 106.667
differential_evolution step 20: f(x)= 106.563
differential_evolution step 21: f(x)= 106.563
differential_evolution step 22: f(x)= 106.563
differential_evolution step 23: f(x)= 106.563
differential_evolution step 24: f(x)= 106.563
differential_evolution step 25: f(x)= 106.563
Successfully fitted model for subject 48, cue 0.5
Loss: 106.4671
