Fitting model for subject 52, cue 0.5
Found 73 trials for subject 52, cue 0.5
Starting model fitting...
differential_evolution step 1: f(x)= 122.341
differential_evolution step 2: f(x)= 106.296
differential_evolution step 3: f(x)= 104.698
differential_evolution step 4: f(x)= 104.698
differential_evolution step 5: f(x)= 103.182
differential_evolution step 6: f(x)= 103.182
differential_evolution step 7: f(x)= 102.322
differential_evolution step 8: f(x)= 101.093
differential_evolution step 9: f(x)= 101.093
differential_evolution step 10: f(x)= 101.093
differential_evolution step 11: f(x)= 99.4312
differential_evolution step 12: f(x)= 99.4312
differential_evolution step 13: f(x)= 99.4312
differential_evolution step 14: f(x)= 98.4512
differential_evolution step 15: f(x)= 98.4512
differential_evolution step 16: f(x)= 98.4512
differential_evolution step 17: f(x)= 98.4512
differential_evolution step 18: f(x)= 98.029
differential_evolution step 19: f(x)= 98.029
differential_evolution step 20: f(x)= 98.029
differential_evolution step 21: f(x)= 98.029
differential_evolution step 22: f(x)= 98.029
differential_evolution step 23: f(x)= 97.4985
differential_evolution step 24: f(x)= 97.4985
differential_evolution step 25: f(x)= 97.4985
differential_evolution step 26: f(x)= 96.1766
differential_evolution step 27: f(x)= 96.1766
differential_evolution step 28: f(x)= 96.1766
differential_evolution step 29: f(x)= 96.1766
differential_evolution step 30: f(x)= 96.1766
differential_evolution step 31: f(x)= 96.1766
differential_evolution step 32: f(x)= 96.1766
differential_evolution step 33: f(x)= 96.0937
differential_evolution step 34: f(x)= 96.0937
differential_evolution step 35: f(x)= 96.0937
differential_evolution step 36: f(x)= 96.0937
differential_evolution step 37: f(x)= 96.0937
differential_evolution step 38: f(x)= 95.9077
differential_evolution step 39: f(x)= 95.9077
differential_evolution step 40: f(x)= 95.9077
Successfully fitted model for subject 52, cue 0.5
Loss: 95.8753
