Fitting model for subject 66, cue 0.5
Found 76 trials for subject 66, cue 0.5
Starting model fitting...
differential_evolution step 1: f(x)= 208.752
differential_evolution step 2: f(x)= 203.452
differential_evolution step 3: f(x)= 183.51
differential_evolution step 4: f(x)= 179.079
differential_evolution step 5: f(x)= 175.297
differential_evolution step 6: f(x)= 175.297
differential_evolution step 7: f(x)= 175.297
differential_evolution step 8: f(x)= 174.738
differential_evolution step 9: f(x)= 169.669
differential_evolution step 10: f(x)= 169.669
differential_evolution step 11: f(x)= 166.918
differential_evolution step 12: f(x)= 166.786
differential_evolution step 13: f(x)= 166.786
differential_evolution step 14: f(x)= 166.262
differential_evolution step 15: f(x)= 165.987
differential_evolution step 16: f(x)= 165.453
differential_evolution step 17: f(x)= 165.336
differential_evolution step 18: f(x)= 165.336
differential_evolution step 19: f(x)= 165.164
differential_evolution step 20: f(x)= 165.164
differential_evolution step 21: f(x)= 165.044
differential_evolution step 22: f(x)= 165.044
Successfully fitted model for subject 66, cue 0.5
Loss: 164.8564
