Fitting model for subject 33, cue 0.5
Found 50 trials for subject 33, cue 0.5
Starting model fitting...
differential_evolution step 1: f(x)= 87.8363
differential_evolution step 2: f(x)= 87.8363
differential_evolution step 3: f(x)= 87.8363
differential_evolution step 4: f(x)= 77.2558
differential_evolution step 5: f(x)= 77.2558
differential_evolution step 6: f(x)= 77.2558
differential_evolution step 7: f(x)= 72.15
differential_evolution step 8: f(x)= 72.15
differential_evolution step 9: f(x)= 70.6025
differential_evolution step 10: f(x)= 70.6025
differential_evolution step 11: f(x)= 70.6025
differential_evolution step 12: f(x)= 70.6025
differential_evolution step 13: f(x)= 70.2605
differential_evolution step 14: f(x)= 70.2605
differential_evolution step 15: f(x)= 70.049
differential_evolution step 16: f(x)= 69.8675
differential_evolution step 17: f(x)= 69.8675
differential_evolution step 18: f(x)= 69.8675
differential_evolution step 19: f(x)= 69.8675
differential_evolution step 20: f(x)= 69.8675
differential_evolution step 21: f(x)= 69.8675
differential_evolution step 22: f(x)= 69.6734
differential_evolution step 23: f(x)= 69.6277
differential_evolution step 24: f(x)= 69.6277
differential_evolution step 25: f(x)= 69.451
differential_evolution step 26: f(x)= 69.451
differential_evolution step 27: f(x)= 69.451
differential_evolution step 28: f(x)= 69.451
differential_evolution step 29: f(x)= 69.451
Successfully fitted model for subject 33, cue 0.5
Loss: 69.3797
