Fitting model for subject 37, cue 0.5
Found 76 trials for subject 37, cue 0.5
Starting model fitting...
differential_evolution step 1: f(x)= 160.15
differential_evolution step 2: f(x)= 152.145
differential_evolution step 3: f(x)= 152.145
differential_evolution step 4: f(x)= 148.736
differential_evolution step 5: f(x)= 146.287
differential_evolution step 6: f(x)= 141.443
differential_evolution step 7: f(x)= 141.443
differential_evolution step 8: f(x)= 140.609
differential_evolution step 9: f(x)= 140.609
differential_evolution step 10: f(x)= 140.609
differential_evolution step 11: f(x)= 139.14
differential_evolution step 12: f(x)= 139.14
differential_evolution step 13: f(x)= 139.14
differential_evolution step 14: f(x)= 139.14
differential_evolution step 15: f(x)= 139.14
differential_evolution step 16: f(x)= 139.14
differential_evolution step 17: f(x)= 138.793
differential_evolution step 18: f(x)= 138.184
differential_evolution step 19: f(x)= 136.365
differential_evolution step 20: f(x)= 136.365
differential_evolution step 21: f(x)= 136.365
differential_evolution step 22: f(x)= 136.365
differential_evolution step 23: f(x)= 136.365
differential_evolution step 24: f(x)= 136.365
differential_evolution step 25: f(x)= 136.272
differential_evolution step 26: f(x)= 136.272
differential_evolution step 27: f(x)= 136.272
differential_evolution step 28: f(x)= 136.272
Successfully fitted model for subject 37, cue 0.5
Loss: 135.9076
