Fitting model for subject 59, cue 0.5
Found 75 trials for subject 59, cue 0.5
Starting model fitting...
differential_evolution step 1: f(x)= 90.454
differential_evolution step 2: f(x)= 90.454
differential_evolution step 3: f(x)= 90.454
differential_evolution step 4: f(x)= 90.454
differential_evolution step 5: f(x)= 90.454
differential_evolution step 6: f(x)= 90.454
differential_evolution step 7: f(x)= 90.3497
differential_evolution step 8: f(x)= 90.086
differential_evolution step 9: f(x)= 89.4656
differential_evolution step 10: f(x)= 89.4656
differential_evolution step 11: f(x)= 89.4656
differential_evolution step 12: f(x)= 89.4656
differential_evolution step 13: f(x)= 86.1329
differential_evolution step 14: f(x)= 85.4619
differential_evolution step 15: f(x)= 85.4619
differential_evolution step 16: f(x)= 85.4619
differential_evolution step 17: f(x)= 85.3267
differential_evolution step 18: f(x)= 84.6431
differential_evolution step 19: f(x)= 84.6431
differential_evolution step 20: f(x)= 84.6431
differential_evolution step 21: f(x)= 84.3891
differential_evolution step 22: f(x)= 84.3891
differential_evolution step 23: f(x)= 84.3891
differential_evolution step 24: f(x)= 84.3891
differential_evolution step 25: f(x)= 84.3891
differential_evolution step 26: f(x)= 84.3346
differential_evolution step 27: f(x)= 84.3346
differential_evolution step 28: f(x)= 84.3346
Successfully fitted model for subject 59, cue 0.5
Loss: 84.2289
