Fitting model for subject 67, cue 0.5
Found 69 trials for subject 67, cue 0.5
Starting model fitting...
differential_evolution step 1: f(x)= 122.375
differential_evolution step 2: f(x)= 122.375
differential_evolution step 3: f(x)= 122.375
differential_evolution step 4: f(x)= 122.375
differential_evolution step 5: f(x)= 122.375
differential_evolution step 6: f(x)= 120.518
differential_evolution step 7: f(x)= 120.518
differential_evolution step 8: f(x)= 118.379
differential_evolution step 9: f(x)= 118.379
differential_evolution step 10: f(x)= 118.379
differential_evolution step 11: f(x)= 118.379
differential_evolution step 12: f(x)= 118.379
differential_evolution step 13: f(x)= 117.974
differential_evolution step 14: f(x)= 117.67
differential_evolution step 15: f(x)= 117.67
differential_evolution step 16: f(x)= 117.363
differential_evolution step 17: f(x)= 117.02
differential_evolution step 18: f(x)= 117.02
differential_evolution step 19: f(x)= 116.571
differential_evolution step 20: f(x)= 116.571
differential_evolution step 21: f(x)= 116.571
differential_evolution step 22: f(x)= 116.305
differential_evolution step 23: f(x)= 116.305
differential_evolution step 24: f(x)= 116.305
differential_evolution step 25: f(x)= 116.305
Successfully fitted model for subject 67, cue 0.5
Loss: 116.2424
