Fitting model for subject 51, cue 0.5
Found 76 trials for subject 51, cue 0.5
Starting model fitting...
differential_evolution step 1: f(x)= 190.215
differential_evolution step 2: f(x)= 186.168
differential_evolution step 3: f(x)= 185.744
differential_evolution step 4: f(x)= 185.744
differential_evolution step 5: f(x)= 160.774
differential_evolution step 6: f(x)= 150.075
differential_evolution step 7: f(x)= 150.075
differential_evolution step 8: f(x)= 142.822
differential_evolution step 9: f(x)= 142.822
differential_evolution step 10: f(x)= 130.666
differential_evolution step 11: f(x)= 130.666
differential_evolution step 12: f(x)= 130.666
differential_evolution step 13: f(x)= 130.666
differential_evolution step 14: f(x)= 130.666
differential_evolution step 15: f(x)= 130.666
differential_evolution step 16: f(x)= 121.121
differential_evolution step 17: f(x)= 118.945
differential_evolution step 18: f(x)= 114.878
differential_evolution step 19: f(x)= 114.878
differential_evolution step 20: f(x)= 114.878
differential_evolution step 21: f(x)= 114.598
differential_evolution step 22: f(x)= 114.598
differential_evolution step 23: f(x)= 113.889
differential_evolution step 24: f(x)= 113.318
differential_evolution step 25: f(x)= 113.007
Successfully fitted model for subject 51, cue 0.5
Loss: 112.6809
