Fitting model for subject 47, cue 0.5
Found 76 trials for subject 47, cue 0.5
Starting model fitting...
differential_evolution step 1: f(x)= 62.1487
differential_evolution step 2: f(x)= 62.1487
differential_evolution step 3: f(x)= 49.9385
differential_evolution step 4: f(x)= 49.9385
differential_evolution step 5: f(x)= 47.288
differential_evolution step 6: f(x)= 45.124
differential_evolution step 7: f(x)= 45.124
differential_evolution step 8: f(x)= 45.124
differential_evolution step 9: f(x)= 42.7048
differential_evolution step 10: f(x)= 42.7048
differential_evolution step 11: f(x)= 42.7032
differential_evolution step 12: f(x)= 41.1021
differential_evolution step 13: f(x)= 40.7613
differential_evolution step 14: f(x)= 40.7613
differential_evolution step 15: f(x)= 39.1007
differential_evolution step 16: f(x)= 39.1007
differential_evolution step 17: f(x)= 39.1007
differential_evolution step 18: f(x)= 39.0965
differential_evolution step 19: f(x)= 39.0965
differential_evolution step 20: f(x)= 39.0965
differential_evolution step 21: f(x)= 39.0965
differential_evolution step 22: f(x)= 38.6968
differential_evolution step 23: f(x)= 38.681
differential_evolution step 24: f(x)= 38.681
differential_evolution step 25: f(x)= 38.681
differential_evolution step 26: f(x)= 38.681
differential_evolution step 27: f(x)= 38.681
differential_evolution step 28: f(x)= 38.681
differential_evolution step 29: f(x)= 38.681
differential_evolution step 30: f(x)= 38.681
differential_evolution step 31: f(x)= 38.681
differential_evolution step 32: f(x)= 38.681
differential_evolution step 33: f(x)= 38.6323
differential_evolution step 34: f(x)= 38.6323
differential_evolution step 35: f(x)= 38.6323
Successfully fitted model for subject 47, cue 0.5
Loss: 38.5904
