Fitting model for subject 39, cue 0.5
Found 76 trials for subject 39, cue 0.5
Starting model fitting...
differential_evolution step 1: f(x)= 186.971
differential_evolution step 2: f(x)= 168.286
differential_evolution step 3: f(x)= 168.286
differential_evolution step 4: f(x)= 157.849
differential_evolution step 5: f(x)= 157.849
differential_evolution step 6: f(x)= 156.01
differential_evolution step 7: f(x)= 153.787
differential_evolution step 8: f(x)= 153.787
differential_evolution step 9: f(x)= 149.477
differential_evolution step 10: f(x)= 148.053
differential_evolution step 11: f(x)= 148.053
differential_evolution step 12: f(x)= 148.053
differential_evolution step 13: f(x)= 148.053
differential_evolution step 14: f(x)= 148.053
differential_evolution step 15: f(x)= 147.286
differential_evolution step 16: f(x)= 147.286
differential_evolution step 17: f(x)= 146.95
differential_evolution step 18: f(x)= 146.95
differential_evolution step 19: f(x)= 146.95
differential_evolution step 20: f(x)= 146.861
differential_evolution step 21: f(x)= 146.861
Successfully fitted model for subject 39, cue 0.5
Loss: 146.7578
