Fitting model for subject 45, cue 0.5
Found 74 trials for subject 45, cue 0.5
Starting model fitting...
differential_evolution step 1: f(x)= 175.535
differential_evolution step 2: f(x)= 166.118
differential_evolution step 3: f(x)= 152.168
differential_evolution step 4: f(x)= 152.168
differential_evolution step 5: f(x)= 152.168
differential_evolution step 6: f(x)= 152.168
differential_evolution step 7: f(x)= 152.168
differential_evolution step 8: f(x)= 151.921
differential_evolution step 9: f(x)= 151.921
differential_evolution step 10: f(x)= 151.921
differential_evolution step 11: f(x)= 149.816
differential_evolution step 12: f(x)= 149.816
differential_evolution step 13: f(x)= 149.816
differential_evolution step 14: f(x)= 149.816
differential_evolution step 15: f(x)= 149.816
differential_evolution step 16: f(x)= 149.768
differential_evolution step 17: f(x)= 149.768
differential_evolution step 18: f(x)= 149.768
differential_evolution step 19: f(x)= 149.48
differential_evolution step 20: f(x)= 149.48
differential_evolution step 21: f(x)= 149.235
differential_evolution step 22: f(x)= 149.235
differential_evolution step 23: f(x)= 149.192
differential_evolution step 24: f(x)= 149.134
differential_evolution step 25: f(x)= 149.134
Successfully fitted model for subject 45, cue 0.5
Loss: 149.0893
