Fitting model for subject 78, cue 0.5
Found 75 trials for subject 78, cue 0.5
Starting model fitting...
differential_evolution step 1: f(x)= 194.066
differential_evolution step 2: f(x)= 178.156
differential_evolution step 3: f(x)= 178.156
differential_evolution step 4: f(x)= 178.156
differential_evolution step 5: f(x)= 171.779
differential_evolution step 6: f(x)= 171.779
differential_evolution step 7: f(x)= 170.871
differential_evolution step 8: f(x)= 169.604
differential_evolution step 9: f(x)= 166.931
differential_evolution step 10: f(x)= 166.931
differential_evolution step 11: f(x)= 166.931
differential_evolution step 12: f(x)= 166.931
differential_evolution step 13: f(x)= 166.349
differential_evolution step 14: f(x)= 159.821
differential_evolution step 15: f(x)= 159.821
differential_evolution step 16: f(x)= 159.821
differential_evolution step 17: f(x)= 159.821
differential_evolution step 18: f(x)= 159.821
differential_evolution step 19: f(x)= 158.005
differential_evolution step 20: f(x)= 156.632
differential_evolution step 21: f(x)= 156.632
differential_evolution step 22: f(x)= 151.432
differential_evolution step 23: f(x)= 151.432
differential_evolution step 24: f(x)= 151.432
differential_evolution step 25: f(x)= 151.432
differential_evolution step 26: f(x)= 151.432
differential_evolution step 27: f(x)= 151.432
differential_evolution step 28: f(x)= 151.432
differential_evolution step 29: f(x)= 150.211
differential_evolution step 30: f(x)= 150.211
differential_evolution step 31: f(x)= 150.011
differential_evolution step 32: f(x)= 150.011
differential_evolution step 33: f(x)= 150.011
differential_evolution step 34: f(x)= 150.011
differential_evolution step 35: f(x)= 150.011
differential_evolution step 36: f(x)= 150.011
differential_evolution step 37: f(x)= 150.011
differential_evolution step 38: f(x)= 150.011
differential_evolution step 39: f(x)= 150.011
Successfully fitted model for subject 78, cue 0.5
Loss: 149.4857
