Fitting model for subject 32, cue 0.5
Found 49 trials for subject 32, cue 0.5
Starting model fitting...
differential_evolution step 1: f(x)= 137.968
differential_evolution step 2: f(x)= 135.763
differential_evolution step 3: f(x)= 128.41
differential_evolution step 4: f(x)= 128.41
differential_evolution step 5: f(x)= 128.41
differential_evolution step 6: f(x)= 128.41
differential_evolution step 7: f(x)= 128.41
differential_evolution step 8: f(x)= 125.783
differential_evolution step 9: f(x)= 121.792
differential_evolution step 10: f(x)= 121.792
differential_evolution step 11: f(x)= 121.792
differential_evolution step 12: f(x)= 120.532
differential_evolution step 13: f(x)= 120.532
differential_evolution step 14: f(x)= 112.603
differential_evolution step 15: f(x)= 105.761
differential_evolution step 16: f(x)= 105.761
differential_evolution step 17: f(x)= 105.761
differential_evolution step 18: f(x)= 105.016
differential_evolution step 19: f(x)= 105.016
differential_evolution step 20: f(x)= 105.016
differential_evolution step 21: f(x)= 105.016
differential_evolution step 22: f(x)= 105.016
differential_evolution step 23: f(x)= 105.016
differential_evolution step 24: f(x)= 105.016
differential_evolution step 25: f(x)= 105.016
differential_evolution step 26: f(x)= 102.164
differential_evolution step 27: f(x)= 102.164
differential_evolution step 28: f(x)= 101.049
differential_evolution step 29: f(x)= 101.049
differential_evolution step 30: f(x)= 101.049
differential_evolution step 31: f(x)= 98.5001
differential_evolution step 32: f(x)= 98.5001
differential_evolution step 33: f(x)= 98.5001
differential_evolution step 34: f(x)= 98.5001
differential_evolution step 35: f(x)= 98.5001
differential_evolution step 36: f(x)= 97.712
differential_evolution step 37: f(x)= 97.712
differential_evolution step 38: f(x)= 97.6738
differential_evolution step 39: f(x)= 97.3041
differential_evolution step 40: f(x)= 97.2358
differential_evolution step 41: f(x)= 97.2297
differential_evolution step 42: f(x)= 97.2297
Successfully fitted model for subject 32, cue 0.5
Loss: 97.1259
