Fitting model for subject 68, cue 0.5
Found 76 trials for subject 68, cue 0.5
Starting model fitting...
differential_evolution step 1: f(x)= 159.123
differential_evolution step 2: f(x)= 156.907
differential_evolution step 3: f(x)= 155.643
differential_evolution step 4: f(x)= 155.343
differential_evolution step 5: f(x)= 150.342
differential_evolution step 6: f(x)= 150.342
differential_evolution step 7: f(x)= 148.757
differential_evolution step 8: f(x)= 148.757
differential_evolution step 9: f(x)= 148.757
differential_evolution step 10: f(x)= 148.757
differential_evolution step 11: f(x)= 148.757
differential_evolution step 12: f(x)= 147.777
differential_evolution step 13: f(x)= 147.777
differential_evolution step 14: f(x)= 147.777
differential_evolution step 15: f(x)= 147.777
differential_evolution step 16: f(x)= 147.777
differential_evolution step 17: f(x)= 147.553
differential_evolution step 18: f(x)= 147.553
Successfully fitted model for subject 68, cue 0.5
Loss: 147.4523
