Fitting model for subject 41, cue 0.5
Found 75 trials for subject 41, cue 0.5
Starting model fitting...
differential_evolution step 1: f(x)= 178.03
differential_evolution step 2: f(x)= 172.725
differential_evolution step 3: f(x)= 169.687
differential_evolution step 4: f(x)= 161.465
differential_evolution step 5: f(x)= 161.465
differential_evolution step 6: f(x)= 161.465
differential_evolution step 7: f(x)= 161.465
differential_evolution step 8: f(x)= 161.465
differential_evolution step 9: f(x)= 161.465
differential_evolution step 10: f(x)= 161.465
differential_evolution step 11: f(x)= 161.465
differential_evolution step 12: f(x)= 161.433
differential_evolution step 13: f(x)= 161.433
differential_evolution step 14: f(x)= 161.055
differential_evolution step 15: f(x)= 161.055
differential_evolution step 16: f(x)= 161.055
differential_evolution step 17: f(x)= 160.909
differential_evolution step 18: f(x)= 160.909
differential_evolution step 19: f(x)= 160.887
differential_evolution step 20: f(x)= 160.887
differential_evolution step 21: f(x)= 160.872
differential_evolution step 22: f(x)= 160.446
differential_evolution step 23: f(x)= 160.12
differential_evolution step 24: f(x)= 160.077
differential_evolution step 25: f(x)= 160.077
differential_evolution step 26: f(x)= 160.077
Successfully fitted model for subject 41, cue 0.5
Loss: 159.5447
