Fitting model for subject 53, cue 0.5
Found 76 trials for subject 53, cue 0.5
Starting model fitting...
differential_evolution step 1: f(x)= 201.101
differential_evolution step 2: f(x)= 193.497
differential_evolution step 3: f(x)= 156.857
differential_evolution step 4: f(x)= 155.829
differential_evolution step 5: f(x)= 155.829
differential_evolution step 6: f(x)= 155.829
differential_evolution step 7: f(x)= 155.829
differential_evolution step 8: f(x)= 155.829
differential_evolution step 9: f(x)= 155.829
differential_evolution step 10: f(x)= 155.829
differential_evolution step 11: f(x)= 153.967
differential_evolution step 12: f(x)= 153.769
differential_evolution step 13: f(x)= 153.769
differential_evolution step 14: f(x)= 153.769
differential_evolution step 15: f(x)= 153.769
differential_evolution step 16: f(x)= 153.769
differential_evolution step 17: f(x)= 153.769
differential_evolution step 18: f(x)= 153.388
differential_evolution step 19: f(x)= 153.097
differential_evolution step 20: f(x)= 153.097
differential_evolution step 21: f(x)= 153.097
differential_evolution step 22: f(x)= 153.097
differential_evolution step 23: f(x)= 153.097
differential_evolution step 24: f(x)= 153.097
differential_evolution step 25: f(x)= 153.097
Successfully fitted model for subject 53, cue 0.5
Loss: 152.9983
