Fitting model for subject 55, cue 0.5
Found 76 trials for subject 55, cue 0.5
Starting model fitting...
differential_evolution step 1: f(x)= 269.764
differential_evolution step 2: f(x)= 236.888
differential_evolution step 3: f(x)= 228.322
differential_evolution step 4: f(x)= 228.322
differential_evolution step 5: f(x)= 228.322
differential_evolution step 6: f(x)= 225.274
differential_evolution step 7: f(x)= 225.274
differential_evolution step 8: f(x)= 225.274
differential_evolution step 9: f(x)= 225.274
differential_evolution step 10: f(x)= 225.274
differential_evolution step 11: f(x)= 221.708
differential_evolution step 12: f(x)= 187.728
differential_evolution step 13: f(x)= 176.185
differential_evolution step 14: f(x)= 176.185
differential_evolution step 15: f(x)= 176.185
differential_evolution step 16: f(x)= 176.185
differential_evolution step 17: f(x)= 174.658
differential_evolution step 18: f(x)= 174.658
differential_evolution step 19: f(x)= 174.658
differential_evolution step 20: f(x)= 171.734
differential_evolution step 21: f(x)= 170.912
differential_evolution step 22: f(x)= 169.363
differential_evolution step 23: f(x)= 169.363
differential_evolution step 24: f(x)= 169.363
differential_evolution step 25: f(x)= 168.851
differential_evolution step 26: f(x)= 168.851
differential_evolution step 27: f(x)= 168.4
Successfully fitted model for subject 55, cue 0.5
Loss: 168.1848
