Fitting model for subject 56, cue 0.5
Found 75 trials for subject 56, cue 0.5
Starting model fitting...
differential_evolution step 1: f(x)= 175.535
differential_evolution step 2: f(x)= 175.535
differential_evolution step 3: f(x)= 175.535
differential_evolution step 4: f(x)= 175.535
differential_evolution step 5: f(x)= 175.535
differential_evolution step 6: f(x)= 172.044
differential_evolution step 7: f(x)= 148.549
differential_evolution step 8: f(x)= 146.917
differential_evolution step 9: f(x)= 146.917
differential_evolution step 10: f(x)= 146.917
differential_evolution step 11: f(x)= 141.719
differential_evolution step 12: f(x)= 132.787
differential_evolution step 13: f(x)= 132.354
differential_evolution step 14: f(x)= 129.847
differential_evolution step 15: f(x)= 129.847
differential_evolution step 16: f(x)= 129.118
differential_evolution step 17: f(x)= 129.118
differential_evolution step 18: f(x)= 129.118
differential_evolution step 19: f(x)= 128.763
differential_evolution step 20: f(x)= 128.763
differential_evolution step 21: f(x)= 128.763
differential_evolution step 22: f(x)= 128.66
Successfully fitted model for subject 56, cue 0.5
Loss: 128.4172
