Fitting model for subject 57, cue 0.5
Found 75 trials for subject 57, cue 0.5
Starting model fitting...
differential_evolution step 1: f(x)= 213.752
differential_evolution step 2: f(x)= 208.977
differential_evolution step 3: f(x)= 187.37
differential_evolution step 4: f(x)= 187.37
differential_evolution step 5: f(x)= 187.37
differential_evolution step 6: f(x)= 187.329
differential_evolution step 7: f(x)= 186.771
differential_evolution step 8: f(x)= 184.129
differential_evolution step 9: f(x)= 184.129
differential_evolution step 10: f(x)= 179.322
differential_evolution step 11: f(x)= 179.322
differential_evolution step 12: f(x)= 179.322
differential_evolution step 13: f(x)= 179.322
differential_evolution step 14: f(x)= 178.541
differential_evolution step 15: f(x)= 178.514
differential_evolution step 16: f(x)= 178.514
differential_evolution step 17: f(x)= 178.514
differential_evolution step 18: f(x)= 178.514
differential_evolution step 19: f(x)= 178.514
differential_evolution step 20: f(x)= 177.92
differential_evolution step 21: f(x)= 177.92
Successfully fitted model for subject 57, cue 0.5
Loss: 177.7616
