Fitting model for subject 35, cue 0.5
Found 76 trials for subject 35, cue 0.5
Starting model fitting...
differential_evolution step 1: f(x)= 128.269
differential_evolution step 2: f(x)= 127.501
differential_evolution step 3: f(x)= 127.501
differential_evolution step 4: f(x)= 127.501
differential_evolution step 5: f(x)= 124.975
differential_evolution step 6: f(x)= 124.975
differential_evolution step 7: f(x)= 124.975
differential_evolution step 8: f(x)= 124.975
differential_evolution step 9: f(x)= 124.975
differential_evolution step 10: f(x)= 124.975
differential_evolution step 11: f(x)= 124.553
differential_evolution step 12: f(x)= 124.075
differential_evolution step 13: f(x)= 123.836
differential_evolution step 14: f(x)= 123.742
differential_evolution step 15: f(x)= 123.335
differential_evolution step 16: f(x)= 123.335
differential_evolution step 17: f(x)= 123.335
differential_evolution step 18: f(x)= 123.335
differential_evolution step 19: f(x)= 123.257
differential_evolution step 20: f(x)= 123.257
differential_evolution step 21: f(x)= 123.257
differential_evolution step 22: f(x)= 123.257
differential_evolution step 23: f(x)= 123.22
differential_evolution step 24: f(x)= 123.213
differential_evolution step 25: f(x)= 123.189
differential_evolution step 26: f(x)= 123.158
Successfully fitted model for subject 35, cue 0.5
Loss: 123.1197
