Fitting model for subject 36, cue 0.5
Found 76 trials for subject 36, cue 0.5
Starting model fitting...
differential_evolution step 1: f(x)= 91.3056
differential_evolution step 2: f(x)= 91.3056
differential_evolution step 3: f(x)= 91.3056
differential_evolution step 4: f(x)= 87.9358
differential_evolution step 5: f(x)= 83.8146
differential_evolution step 6: f(x)= 80.9636
differential_evolution step 7: f(x)= 80.9636
differential_evolution step 8: f(x)= 77.8282
differential_evolution step 9: f(x)= 77.8282
differential_evolution step 10: f(x)= 77.8282
differential_evolution step 11: f(x)= 77.791
differential_evolution step 12: f(x)= 77.2925
differential_evolution step 13: f(x)= 77.1128
differential_evolution step 14: f(x)= 77.1128
differential_evolution step 15: f(x)= 77.1128
differential_evolution step 16: f(x)= 77.1128
differential_evolution step 17: f(x)= 76.9568
differential_evolution step 18: f(x)= 76.9568
differential_evolution step 19: f(x)= 76.9568
differential_evolution step 20: f(x)= 76.9568
differential_evolution step 21: f(x)= 76.9568
Successfully fitted model for subject 36, cue 0.5
Loss: 76.9046
