Fitting model for subject 60, cue 0.5
Found 76 trials for subject 60, cue 0.5
Starting model fitting...
differential_evolution step 1: f(x)= 189.903
differential_evolution step 2: f(x)= 189.903
differential_evolution step 3: f(x)= 189.903
differential_evolution step 4: f(x)= 188.65
differential_evolution step 5: f(x)= 187.401
differential_evolution step 6: f(x)= 160.291
differential_evolution step 7: f(x)= 160.291
differential_evolution step 8: f(x)= 160.291
differential_evolution step 9: f(x)= 155.382
differential_evolution step 10: f(x)= 155.382
differential_evolution step 11: f(x)= 148.466
differential_evolution step 12: f(x)= 143.899
differential_evolution step 13: f(x)= 129.992
differential_evolution step 14: f(x)= 129.992
differential_evolution step 15: f(x)= 129.992
differential_evolution step 16: f(x)= 129.992
differential_evolution step 17: f(x)= 129.992
differential_evolution step 18: f(x)= 129.436
differential_evolution step 19: f(x)= 126.147
differential_evolution step 20: f(x)= 126.147
differential_evolution step 21: f(x)= 126.147
differential_evolution step 22: f(x)= 125.421
differential_evolution step 23: f(x)= 124.909
differential_evolution step 24: f(x)= 124.909
differential_evolution step 25: f(x)= 124.891
differential_evolution step 26: f(x)= 124.891
differential_evolution step 27: f(x)= 124.891
Successfully fitted model for subject 60, cue 0.5
Loss: 124.6174
