Fitting model for subject 40, cue 0.5
Found 76 trials for subject 40, cue 0.5
Starting model fitting...
differential_evolution step 1: f(x)= 97.6831
differential_evolution step 2: f(x)= 97.6831
differential_evolution step 3: f(x)= 97.6831
differential_evolution step 4: f(x)= 97.6831
differential_evolution step 5: f(x)= 97.6831
differential_evolution step 6: f(x)= 97.6831
differential_evolution step 7: f(x)= 97.6831
differential_evolution step 8: f(x)= 86.0515
differential_evolution step 9: f(x)= 83.3228
differential_evolution step 10: f(x)= 79.126
differential_evolution step 11: f(x)= 79.126
differential_evolution step 12: f(x)= 79.126
differential_evolution step 13: f(x)= 79.126
differential_evolution step 14: f(x)= 79.126
differential_evolution step 15: f(x)= 79.126
differential_evolution step 16: f(x)= 77.2158
differential_evolution step 17: f(x)= 77.2158
differential_evolution step 18: f(x)= 77.1361
differential_evolution step 19: f(x)= 77.1361
differential_evolution step 20: f(x)= 77.0664
differential_evolution step 21: f(x)= 76.8129
differential_evolution step 22: f(x)= 76.5696
differential_evolution step 23: f(x)= 76.5696
differential_evolution step 24: f(x)= 76.5696
differential_evolution step 25: f(x)= 76.5696
differential_evolution step 26: f(x)= 76.5696
differential_evolution step 27: f(x)= 76.538
differential_evolution step 28: f(x)= 76.538
differential_evolution step 29: f(x)= 76.538
differential_evolution step 30: f(x)= 76.538
differential_evolution step 31: f(x)= 76.538
Successfully fitted model for subject 40, cue 0.5
Loss: 76.4964
