Fitting model for subject 76, cue 0.5
Found 73 trials for subject 76, cue 0.5
Starting model fitting...
differential_evolution step 1: f(x)= 224.326
differential_evolution step 2: f(x)= 224.326
differential_evolution step 3: f(x)= 224.326
differential_evolution step 4: f(x)= 224.326
differential_evolution step 5: f(x)= 224.326
differential_evolution step 6: f(x)= 224.326
differential_evolution step 7: f(x)= 224.326
differential_evolution step 8: f(x)= 224.326
differential_evolution step 9: f(x)= 224.326
differential_evolution step 10: f(x)= 224.326
differential_evolution step 11: f(x)= 224.326
differential_evolution step 12: f(x)= 224.326
differential_evolution step 13: f(x)= 224.231
differential_evolution step 14: f(x)= 223.652
differential_evolution step 15: f(x)= 223.652
differential_evolution step 16: f(x)= 223.534
differential_evolution step 17: f(x)= 223.534
differential_evolution step 18: f(x)= 223.534
differential_evolution step 19: f(x)= 223.534
differential_evolution step 20: f(x)= 223.534
differential_evolution step 21: f(x)= 223.534
differential_evolution step 22: f(x)= 223.141
differential_evolution step 23: f(x)= 223.141
differential_evolution step 24: f(x)= 223.141
Successfully fitted model for subject 76, cue 0.5
Loss: 223.0136
