Fitting model for subject 77, cue 0.5
Found 76 trials for subject 77, cue 0.5
Starting model fitting...
differential_evolution step 1: f(x)= 110.265
differential_evolution step 2: f(x)= 110.265
differential_evolution step 3: f(x)= 110.265
differential_evolution step 4: f(x)= 105.626
differential_evolution step 5: f(x)= 105.626
differential_evolution step 6: f(x)= 104.749
differential_evolution step 7: f(x)= 103.443
differential_evolution step 8: f(x)= 103.443
differential_evolution step 9: f(x)= 102.862
differential_evolution step 10: f(x)= 100.933
differential_evolution step 11: f(x)= 100.933
differential_evolution step 12: f(x)= 99.3817
differential_evolution step 13: f(x)= 99.3817
differential_evolution step 14: f(x)= 99.3817
differential_evolution step 15: f(x)= 99.3302
differential_evolution step 16: f(x)= 99.3302
differential_evolution step 17: f(x)= 99.3302
differential_evolution step 18: f(x)= 99.2487
differential_evolution step 19: f(x)= 99.2487
differential_evolution step 20: f(x)= 99.2487
differential_evolution step 21: f(x)= 99.2487
Successfully fitted model for subject 77, cue 0.5
Loss: 99.0916
