Fitting model for subject 44, cue 0.5
Found 76 trials for subject 44, cue 0.5
Starting model fitting...
differential_evolution step 1: f(x)= 65.6407
differential_evolution step 2: f(x)= 62.1789
differential_evolution step 3: f(x)= 56.0076
differential_evolution step 4: f(x)= 45.7002
differential_evolution step 5: f(x)= 45.7002
differential_evolution step 6: f(x)= 41.9124
differential_evolution step 7: f(x)= 41.2971
differential_evolution step 8: f(x)= 41.2971
differential_evolution step 9: f(x)= 41.2971
differential_evolution step 10: f(x)= 41.2971
differential_evolution step 11: f(x)= 41.2971
differential_evolution step 12: f(x)= 41.2971
differential_evolution step 13: f(x)= 40.2292
differential_evolution step 14: f(x)= 40.2247
differential_evolution step 15: f(x)= 40.1314
differential_evolution step 16: f(x)= 39.8287
differential_evolution step 17: f(x)= 39.8026
differential_evolution step 18: f(x)= 39.3004
differential_evolution step 19: f(x)= 39.3004
differential_evolution step 20: f(x)= 39.3004
differential_evolution step 21: f(x)= 39.3004
differential_evolution step 22: f(x)= 39.3004
differential_evolution step 23: f(x)= 39.3004
differential_evolution step 24: f(x)= 39.3004
differential_evolution step 25: f(x)= 39.3004
differential_evolution step 26: f(x)= 39.2419
Successfully fitted model for subject 44, cue 0.5
Loss: 39.2125
