Fitting model for subject 62, cue 0.5
Found 76 trials for subject 62, cue 0.5
Starting model fitting...
differential_evolution step 1: f(x)= 89.9304
differential_evolution step 2: f(x)= 89.9304
differential_evolution step 3: f(x)= 77.0934
differential_evolution step 4: f(x)= 69.8435
differential_evolution step 5: f(x)= 69.8435
differential_evolution step 6: f(x)= 69.8435
differential_evolution step 7: f(x)= 69.8435
differential_evolution step 8: f(x)= 69.8435
differential_evolution step 9: f(x)= 69.8435
differential_evolution step 10: f(x)= 66.1568
differential_evolution step 11: f(x)= 66.1568
differential_evolution step 12: f(x)= 66.1568
differential_evolution step 13: f(x)= 66.1568
differential_evolution step 14: f(x)= 66.1568
differential_evolution step 15: f(x)= 66.1568
differential_evolution step 16: f(x)= 65.5297
differential_evolution step 17: f(x)= 65.5297
differential_evolution step 18: f(x)= 65.5297
differential_evolution step 19: f(x)= 65.5195
differential_evolution step 20: f(x)= 65.5195
differential_evolution step 21: f(x)= 64.8899
differential_evolution step 22: f(x)= 64.8899
differential_evolution step 23: f(x)= 64.8899
differential_evolution step 24: f(x)= 64.8899
differential_evolution step 25: f(x)= 64.7767
differential_evolution step 26: f(x)= 64.4157
differential_evolution step 27: f(x)= 64.4157
differential_evolution step 28: f(x)= 64.3908
differential_evolution step 29: f(x)= 64.3698
differential_evolution step 30: f(x)= 64.3698
differential_evolution step 31: f(x)= 64.3084
differential_evolution step 32: f(x)= 64.3084
differential_evolution step 33: f(x)= 64.2294
differential_evolution step 34: f(x)= 64.2276
differential_evolution step 35: f(x)= 64.2276
Successfully fitted model for subject 62, cue 0.5
Loss: 64.2235
