Fitting model for subject 49, cue 0.5
Found 75 trials for subject 49, cue 0.5
Starting model fitting...
differential_evolution step 1: f(x)= 167.483
differential_evolution step 2: f(x)= 137.441
differential_evolution step 3: f(x)= 137.441
differential_evolution step 4: f(x)= 137.441
differential_evolution step 5: f(x)= 137.441
differential_evolution step 6: f(x)= 135.636
differential_evolution step 7: f(x)= 135.612
differential_evolution step 8: f(x)= 130.017
differential_evolution step 9: f(x)= 123.257
differential_evolution step 10: f(x)= 123.257
differential_evolution step 11: f(x)= 120.908
differential_evolution step 12: f(x)= 120.908
differential_evolution step 13: f(x)= 118.993
differential_evolution step 14: f(x)= 118.993
differential_evolution step 15: f(x)= 118.993
differential_evolution step 16: f(x)= 118.993
differential_evolution step 17: f(x)= 118.993
differential_evolution step 18: f(x)= 118.993
differential_evolution step 19: f(x)= 118.941
differential_evolution step 20: f(x)= 118.828
differential_evolution step 21: f(x)= 118.828
differential_evolution step 22: f(x)= 118.81
differential_evolution step 23: f(x)= 118.752
Successfully fitted model for subject 49, cue 0.5
Loss: 118.6511
