Fitting model for subject 75, cue 0.5
Found 70 trials for subject 75, cue 0.5
Starting model fitting...
differential_evolution step 1: f(x)= 150.063
differential_evolution step 2: f(x)= 148.616
differential_evolution step 3: f(x)= 142.573
differential_evolution step 4: f(x)= 142.573
differential_evolution step 5: f(x)= 142.573
differential_evolution step 6: f(x)= 142.135
differential_evolution step 7: f(x)= 141.467
differential_evolution step 8: f(x)= 140.165
differential_evolution step 9: f(x)= 139.597
differential_evolution step 10: f(x)= 139.597
differential_evolution step 11: f(x)= 139.597
differential_evolution step 12: f(x)= 139.597
differential_evolution step 13: f(x)= 138.792
differential_evolution step 14: f(x)= 138.526
differential_evolution step 15: f(x)= 138.379
differential_evolution step 16: f(x)= 138.366
differential_evolution step 17: f(x)= 138.366
differential_evolution step 18: f(x)= 138.366
differential_evolution step 19: f(x)= 137.884
differential_evolution step 20: f(x)= 137.828
differential_evolution step 21: f(x)= 137.792
differential_evolution step 22: f(x)= 137.711
differential_evolution step 23: f(x)= 137.711
differential_evolution step 24: f(x)= 137.711
differential_evolution step 25: f(x)= 137.711
Successfully fitted model for subject 75, cue 0.5
Loss: 137.4646
