Fitting model for subject 72, cue 0.5
Found 76 trials for subject 72, cue 0.5
Starting model fitting...
differential_evolution step 1: f(x)= 145.973
differential_evolution step 2: f(x)= 137.657
differential_evolution step 3: f(x)= 137.322
differential_evolution step 4: f(x)= 133.253
differential_evolution step 5: f(x)= 133.253
differential_evolution step 6: f(x)= 133.253
differential_evolution step 7: f(x)= 133.253
differential_evolution step 8: f(x)= 130.267
differential_evolution step 9: f(x)= 130.267
differential_evolution step 10: f(x)= 130.267
differential_evolution step 11: f(x)= 130.267
differential_evolution step 12: f(x)= 130.172
differential_evolution step 13: f(x)= 130.172
differential_evolution step 14: f(x)= 130.172
differential_evolution step 15: f(x)= 129.545
differential_evolution step 16: f(x)= 128.872
differential_evolution step 17: f(x)= 128.872
differential_evolution step 18: f(x)= 128.854
differential_evolution step 19: f(x)= 128.854
differential_evolution step 20: f(x)= 128.854
differential_evolution step 21: f(x)= 128.791
Successfully fitted model for subject 72, cue 0.5
Loss: 128.5725
