Fitting model for subject 61, cue 0.5
Found 75 trials for subject 61, cue 0.5
Starting model fitting...
differential_evolution step 1: f(x)= 198.714
differential_evolution step 2: f(x)= 198.714
differential_evolution step 3: f(x)= 198.714
differential_evolution step 4: f(x)= 192.804
differential_evolution step 5: f(x)= 192.7
differential_evolution step 6: f(x)= 192.7
differential_evolution step 7: f(x)= 191.032
differential_evolution step 8: f(x)= 191.032
differential_evolution step 9: f(x)= 190.743
differential_evolution step 10: f(x)= 190.743
differential_evolution step 11: f(x)= 190.743
differential_evolution step 12: f(x)= 190.644
differential_evolution step 13: f(x)= 190.491
differential_evolution step 14: f(x)= 190.491
differential_evolution step 15: f(x)= 190.276
differential_evolution step 16: f(x)= 189.994
differential_evolution step 17: f(x)= 189.994
differential_evolution step 18: f(x)= 189.994
differential_evolution step 19: f(x)= 189.994
Successfully fitted model for subject 61, cue 0.5
Loss: 189.9513
