Fitting model for subject 73, cue 0.5
Found 76 trials for subject 73, cue 0.5
Starting model fitting...
differential_evolution step 1: f(x)= 92.8381
differential_evolution step 2: f(x)= 92.8381
differential_evolution step 3: f(x)= 82.8008
differential_evolution step 4: f(x)= 82.5736
differential_evolution step 5: f(x)= 80.872
differential_evolution step 6: f(x)= 80.872
differential_evolution step 7: f(x)= 80.7457
differential_evolution step 8: f(x)= 80.7417
differential_evolution step 9: f(x)= 80.7417
differential_evolution step 10: f(x)= 78.7177
differential_evolution step 11: f(x)= 78.7177
differential_evolution step 12: f(x)= 78.7177
differential_evolution step 13: f(x)= 78.7177
differential_evolution step 14: f(x)= 78.7177
differential_evolution step 15: f(x)= 78.7177
differential_evolution step 16: f(x)= 78.7177
differential_evolution step 17: f(x)= 78.7177
differential_evolution step 18: f(x)= 78.6807
differential_evolution step 19: f(x)= 78.6807
differential_evolution step 20: f(x)= 78.5913
Successfully fitted model for subject 73, cue 0.5
Loss: 78.5266
